PASS: all PowerShell scripts parse
PASS: local input baseline contains 5 axes and 14 actions with their documented keyboard/controller bindings.
PASS: tutorial design remains route-free and local; the runtime presenter is disabled, so no gameplay help card mounts.
PASS: legacy inventory HUD and bottom tutorial card are absent; on-demand Inventory and empty-state coverage remain.
PASS: presentation ownership covers 7 project assets and 29 procedural/UI source seams without external asset paths.
PASS: onboarding contract has 10 route-free beats, accessibility cues, authority boundaries, and local-persistence limits.
PASS: settings/accessibility contract covers option groups, input access, non-colour feedback, interface scale, reduced motion, local persistence, and server authority.
PASS: tutorial design remains route-free and local; the runtime presenter is disabled, so no gameplay help card mounts.
PASS: legacy inventory HUD and bottom tutorial card are absent; on-demand Inventory and empty-state coverage remain.
PASS: presentation ownership covers 7 project assets and 29 procedural/UI source seams without external asset paths.
PASS: audio cue contract has 8 cue groups, local category mix controls, non-audio fallbacks, project ownership, and multiplayer boundaries.
PASS: local input baseline contains 5 axes and 14 actions with their documented keyboard/controller bindings.
PASS: all 5 M5 no-build documentation contracts passed in one run.
PASS: settings/accessibility contract covers option groups, input access, non-colour feedback, interface scale, reduced motion, local persistence, and server authority.
PASS: map, status/detail and menu copy omit binding legends; Options retains current labels, actions and navigation.
PASS: tutorial design remains route-free and local; the runtime presenter is disabled, so no gameplay help card mounts.
PASS: legacy inventory HUD and bottom tutorial card are absent; on-demand Inventory and empty-state coverage remain.
Validated status icon Wet entry=Wet batch=01 source=1254x1254 RGBA final=64x64 RGBA transparent=1 target=/Game/Kalmala/UI/Icons/Status/Wet.Wet
Validated status icon SteadyMeal entry=SteadyMeal batch=01 source=1254x1254 RGBA final=64x64 RGBA transparent=1 target=/Game/Kalmala/UI/Icons/Status/SteadyMeal.SteadyMeal
Validated status icon Heat entry=Heat batch=01 source=1254x1254 RGBA final=64x64 RGBA transparent=1 target=/Game/Kalmala/UI/Icons/Status/Heat.Heat
Validated status icon Cold entry=Cold batch=01 source=1254x1254 RGBA final=64x64 RGBA transparent=1 target=/Game/Kalmala/UI/Icons/Status/Cold.Cold
Validated status icon Mending entry=Mending batch=02 source=1254x1254 RGBA final=64x64 RGBA transparent=1 target=/Game/Kalmala/UI/Icons/Status/Mending.Mending
Validated status icon HearthShield entry=Shield batch=02 source=1254x1254 RGBA final=64x64 RGBA transparent=1 target=/Game/Kalmala/UI/Icons/Status/HearthShield.HearthShield
Validated status icon BearsVigor entry=Vigor batch=02 source=1254x1254 RGBA final=64x64 RGBA transparent=1 target=/Game/Kalmala/UI/Icons/Status/BearsVigor.BearsVigor
Validated status icon DeerCall entry=Call batch=02 source=1254x1254 RGBA final=64x64 RGBA transparent=1 target=/Game/Kalmala/UI/Icons/Status/DeerCall.DeerCall
Validated status icon Storm entry=Weather batch=03 source=1254x1254 RGBA final=64x64 RGBA transparent=1 target=/Game/Kalmala/UI/Icons/Status/Storm.Storm
PASS: all nine manifest entries map to unique imported Texture2D packages and validated transparent PNGs.
Validated Wood source=1254x1254 RGBA final=64x64 RGBA transparent=1 target=/Game/Kalmala/UI/Icons/Items/Wood.Wood
Validated Lightwood source=1254x1254 RGBA final=64x64 RGBA transparent=1 target=/Game/Kalmala/UI/Icons/Items/Lightwood.Lightwood
Validated Densewood source=1254x1254 RGBA final=64x64 RGBA transparent=1 target=/Game/Kalmala/UI/Icons/Items/Densewood.Densewood
Validated Coal source=1254x1254 RGBA final=64x64 RGBA transparent=1 target=/Game/Kalmala/UI/Icons/Items/Coal.Coal
Validated Stone source=1254x1254 RGBA final=64x64 RGBA transparent=1 target=/Game/Kalmala/UI/Icons/Items/Stone.Stone
Validated Iron source=1254x1254 RGBA final=64x64 RGBA transparent=1 target=/Game/Kalmala/UI/Icons/Items/Iron.Iron
Validated Fibre source=1254x1254 RGBA final=64x64 RGBA transparent=1 target=/Game/Kalmala/UI/Icons/Items/Fibre.Fibre
Validated PeatAmber source=1254x1254 RGBA final=64x64 RGBA transparent=1 target=/Game/Kalmala/UI/Icons/Items/PeatAmber.PeatAmber
Validated FrostSalt source=1254x1254 RGBA final=64x64 RGBA transparent=1 target=/Game/Kalmala/UI/Icons/Items/FrostSalt.FrostSalt
Validated MirelingAsh source=1254x1254 RGBA final=64x64 RGBA transparent=1 target=/Game/Kalmala/UI/Icons/Items/MirelingAsh.MirelingAsh
Validated CampfireKit source=1254x1254 RGBA final=64x64 RGBA transparent=1 target=/Game/Kalmala/UI/Icons/Items/CampfireKit.CampfireKit
Validated WorkbenchKit source=1254x1254 RGBA final=64x64 RGBA transparent=1 target=/Game/Kalmala/UI/Icons/Items/WorkbenchKit.WorkbenchKit
Validated ForgeKit source=1254x1254 RGBA final=64x64 RGBA transparent=1 target=/Game/Kalmala/UI/Icons/Items/ForgeKit.ForgeKit
Validated WorkbenchToolRackKit source=1254x1254 RGBA final=64x64 RGBA transparent=1 target=/Game/Kalmala/UI/Icons/Items/WorkbenchToolRackKit.WorkbenchToolRackKit
Validated ForgeAnvilKit source=1254x1254 RGBA final=64x64 RGBA transparent=1 target=/Game/Kalmala/UI/Icons/Items/ForgeAnvilKit.ForgeAnvilKit
Validated GrindingStoneKit source=1254x1254 RGBA final=64x64 RGBA transparent=1 target=/Game/Kalmala/UI/Icons/Items/GrindingStoneKit.GrindingStoneKit
Validated StorageKit source=1254x1254 RGBA final=64x64 RGBA transparent=1 target=/Game/Kalmala/UI/Icons/Items/StorageKit.StorageKit
Validated CookingRackKit source=1254x1254 RGBA final=64x64 RGBA transparent=1 target=/Game/Kalmala/UI/Icons/Items/CookingRackKit.CookingRackKit
Validated FryingPanKit source=1254x1254 RGBA final=64x64 RGBA transparent=1 target=/Game/Kalmala/UI/Icons/Items/FryingPanKit.FryingPanKit
Validated CauldronKit source=1254x1254 RGBA final=64x64 RGBA transparent=1 target=/Game/Kalmala/UI/Icons/Items/CauldronKit.CauldronKit
Validated FloorKit source=1536x1024 RGBA final=64x64 RGBA transparent=1 target=/Game/Kalmala/UI/Icons/Items/FloorKit.FloorKit
Validated WallKit source=1254x1254 RGBA final=64x64 RGBA transparent=1 target=/Game/Kalmala/UI/Icons/Items/WallKit.WallKit
Validated RoofKit source=1254x1254 RGBA final=64x64 RGBA transparent=1 target=/Game/Kalmala/UI/Icons/Items/RoofKit.RoofKit
Validated BoarMeat source=1254x1254 RGBA final=64x64 RGBA transparent=1 target=/Game/Kalmala/UI/Icons/Items/BoarMeat.BoarMeat
Validated DeerMeat source=1254x1254 RGBA final=64x64 RGBA transparent=1 target=/Game/Kalmala/UI/Icons/Items/DeerMeat.DeerMeat
Validated BoarHide source=1254x1254 RGBA final=64x64 RGBA transparent=1 target=/Game/Kalmala/UI/Icons/Items/BoarHide.BoarHide
Validated DeerHide source=1254x1254 RGBA final=64x64 RGBA transparent=1 target=/Game/Kalmala/UI/Icons/Items/DeerHide.DeerHide
Validated CookedBoarMeat source=1254x1254 RGBA final=64x64 RGBA transparent=1 target=/Game/Kalmala/UI/Icons/Items/CookedBoarMeat.CookedBoarMeat
Validated CookedDeerMeat source=1254x1254 RGBA final=64x64 RGBA transparent=1 target=/Game/Kalmala/UI/Icons/Items/CookedDeerMeat.CookedDeerMeat
Validated HearthBroth source=1254x1254 RGBA final=64x64 RGBA transparent=1 target=/Game/Kalmala/UI/Icons/Items/HearthBroth.HearthBroth
Validated MeatStew source=1254x1254 RGBA final=64x64 RGBA transparent=1 target=/Game/Kalmala/UI/Icons/Items/MeatStew.MeatStew
Validated RootVegetableSoup source=1254x1254 RGBA final=64x64 RGBA transparent=1 target=/Game/Kalmala/UI/Icons/Items/RootVegetableSoup.RootVegetableSoup
Validated RoastedRootVegetables source=1254x1254 RGBA final=64x64 RGBA transparent=1 target=/Game/Kalmala/UI/Icons/Items/RoastedRootVegetables.RoastedRootVegetables
Validated DeerRootRoast source=1254x1254 RGBA final=64x64 RGBA transparent=1 target=/Game/Kalmala/UI/Icons/Items/DeerRootRoast.DeerRootRoast
Validated Carrot source=1254x1254 RGBA final=64x64 RGBA transparent=1 target=/Game/Kalmala/UI/Icons/Items/Carrot.Carrot
Validated Potato source=1254x1254 RGBA final=64x64 RGBA transparent=1 target=/Game/Kalmala/UI/Icons/Items/Potato.Potato
Validated Rutabaga source=1254x1254 RGBA final=64x64 RGBA transparent=1 target=/Game/Kalmala/UI/Icons/Items/Rutabaga.Rutabaga
Validated Onion source=1254x1254 RGBA final=64x64 RGBA transparent=1 target=/Game/Kalmala/UI/Icons/Items/Onion.Onion
Validated CarrotSeed source=1254x1254 RGBA final=64x64 RGBA transparent=1 target=/Game/Kalmala/UI/Icons/Items/CarrotSeed.CarrotSeed
Validated PotatoSeed source=1254x1254 RGBA final=64x64 RGBA transparent=1 target=/Game/Kalmala/UI/Icons/Items/PotatoSeed.PotatoSeed
Validated RutabagaSeed source=1254x1254 RGBA final=64x64 RGBA transparent=1 target=/Game/Kalmala/UI/Icons/Items/RutabagaSeed.RutabagaSeed
Validated OnionSeed source=1254x1254 RGBA final=64x64 RGBA transparent=1 target=/Game/Kalmala/UI/Icons/Items/OnionSeed.OnionSeed
Validated ReedKnife source=1254x1254 RGBA final=64x64 RGBA transparent=1 target=/Game/Kalmala/UI/Icons/Items/ReedKnife.ReedKnife
Validated FieldHatchet source=1254x1254 RGBA final=64x64 RGBA transparent=1 target=/Game/Kalmala/UI/Icons/Items/FieldHatchet.FieldHatchet
Validated StonePick source=1254x1254 RGBA final=64x64 RGBA transparent=1 target=/Game/Kalmala/UI/Icons/Items/StonePick.StonePick
Validated BronzeAxe source=1254x1254 RGBA final=64x64 RGBA transparent=1 target=/Game/Kalmala/UI/Icons/Items/BronzeAxe.BronzeAxe
Validated IronAxe source=1254x1254 RGBA final=64x64 RGBA transparent=1 target=/Game/Kalmala/UI/Icons/Items/IronAxe.IronAxe
Validated ConstructionHammer source=1254x1254 RGBA final=64x64 RGBA transparent=1 target=/Game/Kalmala/UI/Icons/Items/ConstructionHammer.ConstructionHammer
warning: in the working copy of 'BACKLOG.md', CRLF will be replaced by LF the next time Git touches it
warning: in the working copy of 'PROGRESS.md', CRLF will be replaced by LF the next time Git touches it
warning: in the working copy of 'docs/43-catalogue-icon-manifest.md', CRLF will be replaced by LF the next time Git touches it
PASS: git diff --check
